Pass 1: Checking inodes, blocks, and sizes
Pass 2: Checking directory structure
Pass 3: Checking directory connectivity
Pass 4: Checking reference counts
Pass 5: Checking group summary information

      112308 inodes used (17.14%, out of 655360)
           0 non-contiguous files (0.0%)
         204 non-contiguous directories (0.2%)
             # of inodes with ind/dind/tind blocks: 0/0/0
             Extent depth histogram: 109612/3
     1182223 blocks used (45.10%, out of 2621440)
           0 bad blocks
           1 large file

      107943 regular files
        1576 directories
           0 character device files
           0 block device files
           0 fifos
        1000 links
        2780 symbolic links (2685 fast symbolic links)
           0 sockets
------------
      113299 files
Memory used: 972k/0k (99k/874k), time:  0.13/ 0.12/ 0.01
I/O read: 54MB, write: 0MB, rate: 426.56MB/s
